// Vitest Snapshot v1, https://vitest.dev/guide/snapshot.html

exports[`Skeleton > should match the snapshot 1`] = `
<div>
  <div>
    <div
      class="animate-pulse bg-slate-200"
      style="width: 100px; height: 100px; border-radius: 20px;"
    />
    <div
      class="animate-pulse bg-slate-200"
      style="width: 50px; height: 100px; border-radius: 40%;"
    />
    <div
      class="animate-pulse bg-slate-200"
      style="width: 100px; height: 50px; border-radius: 10rem;"
    />
    <div
      class="animate-pulse bg-slate-200"
      style="width: 10rem; height: 4rem; border-radius: 1rem;"
    />
    <div
      class="animate-pulse bg-slate-200"
      style="width: 100px; height: 100px; border-radius: 0;"
    />
  </div>
</div>
`;
